------------------------------------------------------------
TimeQuest Timing Analyzer Summary
------------------------------------------------------------

Type  : Slow 1200mV 85C Model Setup 'RF_s0_op'
Slack : -3.208
TNS   : -32.074

Type  : Slow 1200mV 85C Model Setup 'clk_op'
Slack : -2.822
TNS   : -526.979

Type  : Slow 1200mV 85C Model Hold 'RF_s0_op'
Slack : -0.650
TNS   : -7.199

Type  : Slow 1200mV 85C Model Hold 'clk_op'
Slack : 1.131
TNS   : 0.000

Type  : Slow 1200mV 85C Model Minimum Pulse Width 'clk_op'
Slack : -3.000
TNS   : -291.000

Type  : Slow 1200mV 85C Model Minimum Pulse Width 'RF_s0_op'
Slack : -3.000
TNS   : -3.000

Type  : Slow 1200mV 0C Model Setup 'RF_s0_op'
Slack : -2.823
TNS   : -26.909

Type  : Slow 1200mV 0C Model Setup 'clk_op'
Slack : -2.462
TNS   : -448.072

Type  : Slow 1200mV 0C Model Hold 'RF_s0_op'
Slack : -0.500
TNS   : -5.643

Type  : Slow 1200mV 0C Model Hold 'clk_op'
Slack : 1.018
TNS   : 0.000

Type  : Slow 1200mV 0C Model Minimum Pulse Width 'clk_op'
Slack : -3.000
TNS   : -291.000

Type  : Slow 1200mV 0C Model Minimum Pulse Width 'RF_s0_op'
Slack : -3.000
TNS   : -3.000

Type  : Fast 1200mV 0C Model Setup 'RF_s0_op'
Slack : -1.497
TNS   : -11.710

Type  : Fast 1200mV 0C Model Setup 'clk_op'
Slack : -1.227
TNS   : -184.238

Type  : Fast 1200mV 0C Model Hold 'RF_s0_op'
Slack : -0.470
TNS   : -5.517

Type  : Fast 1200mV 0C Model Hold 'clk_op'
Slack : 0.599
TNS   : 0.000

Type  : Fast 1200mV 0C Model Minimum Pulse Width 'clk_op'
Slack : -3.000
TNS   : -309.168

Type  : Fast 1200mV 0C Model Minimum Pulse Width 'RF_s0_op'
Slack : -3.000
TNS   : -3.000

------------------------------------------------------------
