------------------------------------------------------------
TimeQuest Timing Analyzer Summary
------------------------------------------------------------

Type  : Slow 1200mV 85C Model Setup 'unidade_de_controle:Unidade_Controle|FSM:FSM_c|RF_s0~reg0'
Slack : -5.193
TNS   : -75.702

Type  : Slow 1200mV 85C Model Setup 'unidade_de_controle:Unidade_Controle|FSM:FSM_c|IR_ld'
Slack : -3.902
TNS   : -53.990

Type  : Slow 1200mV 85C Model Setup 'divisor:Divisor_clock|sig_clk'
Slack : -3.475
TNS   : -762.987

Type  : Slow 1200mV 85C Model Setup 'clk_1'
Slack : -2.480
TNS   : -39.292

Type  : Slow 1200mV 85C Model Hold 'unidade_de_controle:Unidade_Controle|FSM:FSM_c|RF_s0~reg0'
Slack : -1.359
TNS   : -18.599

Type  : Slow 1200mV 85C Model Hold 'divisor:Divisor_clock|sig_clk'
Slack : -0.412
TNS   : -3.357

Type  : Slow 1200mV 85C Model Hold 'clk_1'
Slack : -0.210
TNS   : -0.210

Type  : Slow 1200mV 85C Model Hold 'unidade_de_controle:Unidade_Controle|FSM:FSM_c|IR_ld'
Slack : 2.064
TNS   : 0.000

Type  : Slow 1200mV 85C Model Recovery 'divisor:Divisor_clock|sig_clk'
Slack : -0.299
TNS   : -2.093

Type  : Slow 1200mV 85C Model Removal 'divisor:Divisor_clock|sig_clk'
Slack : 0.883
TNS   : 0.000

Type  : Slow 1200mV 85C Model Minimum Pulse Width 'clk_1'
Slack : -3.000
TNS   : -29.000

Type  : Slow 1200mV 85C Model Minimum Pulse Width 'divisor:Divisor_clock|sig_clk'
Slack : -2.174
TNS   : -357.696

Type  : Slow 1200mV 85C Model Minimum Pulse Width 'unidade_de_controle:Unidade_Controle|FSM:FSM_c|IR_ld'
Slack : 0.392
TNS   : 0.000

Type  : Slow 1200mV 85C Model Minimum Pulse Width 'unidade_de_controle:Unidade_Controle|FSM:FSM_c|RF_s0~reg0'
Slack : 0.418
TNS   : 0.000

Type  : Slow 1200mV 0C Model Setup 'unidade_de_controle:Unidade_Controle|FSM:FSM_c|RF_s0~reg0'
Slack : -4.588
TNS   : -67.163

Type  : Slow 1200mV 0C Model Setup 'unidade_de_controle:Unidade_Controle|FSM:FSM_c|IR_ld'
Slack : -3.514
TNS   : -48.479

Type  : Slow 1200mV 0C Model Setup 'divisor:Divisor_clock|sig_clk'
Slack : -3.038
TNS   : -663.037

Type  : Slow 1200mV 0C Model Setup 'clk_1'
Slack : -2.119
TNS   : -31.882

Type  : Slow 1200mV 0C Model Hold 'unidade_de_controle:Unidade_Controle|FSM:FSM_c|RF_s0~reg0'
Slack : -1.157
TNS   : -15.656

Type  : Slow 1200mV 0C Model Hold 'divisor:Divisor_clock|sig_clk'
Slack : -0.344
TNS   : -2.509

Type  : Slow 1200mV 0C Model Hold 'clk_1'
Slack : -0.197
TNS   : -0.197

Type  : Slow 1200mV 0C Model Hold 'unidade_de_controle:Unidade_Controle|FSM:FSM_c|IR_ld'
Slack : 1.960
TNS   : 0.000

Type  : Slow 1200mV 0C Model Recovery 'divisor:Divisor_clock|sig_clk'
Slack : -0.166
TNS   : -1.162

Type  : Slow 1200mV 0C Model Removal 'divisor:Divisor_clock|sig_clk'
Slack : 0.789
TNS   : 0.000

Type  : Slow 1200mV 0C Model Minimum Pulse Width 'clk_1'
Slack : -3.000
TNS   : -29.000

Type  : Slow 1200mV 0C Model Minimum Pulse Width 'divisor:Divisor_clock|sig_clk'
Slack : -2.174
TNS   : -357.696

Type  : Slow 1200mV 0C Model Minimum Pulse Width 'unidade_de_controle:Unidade_Controle|FSM:FSM_c|IR_ld'
Slack : 0.421
TNS   : 0.000

Type  : Slow 1200mV 0C Model Minimum Pulse Width 'unidade_de_controle:Unidade_Controle|FSM:FSM_c|RF_s0~reg0'
Slack : 0.428
TNS   : 0.000

Type  : Fast 1200mV 0C Model Setup 'unidade_de_controle:Unidade_Controle|FSM:FSM_c|RF_s0~reg0'
Slack : -2.327
TNS   : -34.002

Type  : Fast 1200mV 0C Model Setup 'unidade_de_controle:Unidade_Controle|FSM:FSM_c|IR_ld'
Slack : -1.901
TNS   : -26.381

Type  : Fast 1200mV 0C Model Setup 'divisor:Divisor_clock|sig_clk'
Slack : -1.641
TNS   : -294.489

Type  : Fast 1200mV 0C Model Setup 'clk_1'
Slack : -0.965
TNS   : -11.491

Type  : Fast 1200mV 0C Model Hold 'unidade_de_controle:Unidade_Controle|FSM:FSM_c|RF_s0~reg0'
Slack : -0.911
TNS   : -12.542

Type  : Fast 1200mV 0C Model Hold 'divisor:Divisor_clock|sig_clk'
Slack : -0.364
TNS   : -2.931

Type  : Fast 1200mV 0C Model Hold 'clk_1'
Slack : -0.174
TNS   : -0.174

Type  : Fast 1200mV 0C Model Hold 'unidade_de_controle:Unidade_Controle|FSM:FSM_c|IR_ld'
Slack : 1.287
TNS   : 0.000

Type  : Fast 1200mV 0C Model Recovery 'divisor:Divisor_clock|sig_clk'
Slack : 0.262
TNS   : 0.000

Type  : Fast 1200mV 0C Model Removal 'divisor:Divisor_clock|sig_clk'
Slack : 0.493
TNS   : 0.000

Type  : Fast 1200mV 0C Model Minimum Pulse Width 'clk_1'
Slack : -3.000
TNS   : -30.449

Type  : Fast 1200mV 0C Model Minimum Pulse Width 'divisor:Divisor_clock|sig_clk'
Slack : -1.000
TNS   : -353.000

Type  : Fast 1200mV 0C Model Minimum Pulse Width 'unidade_de_controle:Unidade_Controle|FSM:FSM_c|IR_ld'
Slack : 0.359
TNS   : 0.000

Type  : Fast 1200mV 0C Model Minimum Pulse Width 'unidade_de_controle:Unidade_Controle|FSM:FSM_c|RF_s0~reg0'
Slack : 0.438
TNS   : 0.000

------------------------------------------------------------
