------------------------------------------------------------
TimeQuest Timing Analyzer Summary
------------------------------------------------------------

Type  : Slow 1200mV 85C Model Setup 'unidade_de_controle:Unidade_Controle|FSM:FSM_c|RF_s0~en'
Slack : -4.152
TNS   : -61.892

Type  : Slow 1200mV 85C Model Setup 'clk'
Slack : -3.797
TNS   : -828.461

Type  : Slow 1200mV 85C Model Setup 'unidade_de_controle:Unidade_Controle|FSM:FSM_c|IR_ld'
Slack : -2.556
TNS   : -34.581

Type  : Slow 1200mV 85C Model Hold 'unidade_de_controle:Unidade_Controle|FSM:FSM_c|RF_s0~en'
Slack : -1.499
TNS   : -20.702

Type  : Slow 1200mV 85C Model Hold 'clk'
Slack : 0.295
TNS   : 0.000

Type  : Slow 1200mV 85C Model Hold 'unidade_de_controle:Unidade_Controle|FSM:FSM_c|IR_ld'
Slack : 0.611
TNS   : 0.000

Type  : Slow 1200mV 85C Model Recovery 'clk'
Slack : -0.392
TNS   : -4.392

Type  : Slow 1200mV 85C Model Removal 'clk'
Slack : 0.607
TNS   : 0.000

Type  : Slow 1200mV 85C Model Minimum Pulse Width 'clk'
Slack : -3.000
TNS   : -377.696

Type  : Slow 1200mV 85C Model Minimum Pulse Width 'unidade_de_controle:Unidade_Controle|FSM:FSM_c|IR_ld'
Slack : 0.329
TNS   : 0.000

Type  : Slow 1200mV 85C Model Minimum Pulse Width 'unidade_de_controle:Unidade_Controle|FSM:FSM_c|RF_s0~en'
Slack : 0.358
TNS   : 0.000

Type  : Slow 1200mV 0C Model Setup 'unidade_de_controle:Unidade_Controle|FSM:FSM_c|RF_s0~en'
Slack : -3.752
TNS   : -56.003

Type  : Slow 1200mV 0C Model Setup 'clk'
Slack : -3.271
TNS   : -708.373

Type  : Slow 1200mV 0C Model Setup 'unidade_de_controle:Unidade_Controle|FSM:FSM_c|IR_ld'
Slack : -2.310
TNS   : -31.119

Type  : Slow 1200mV 0C Model Hold 'unidade_de_controle:Unidade_Controle|FSM:FSM_c|RF_s0~en'
Slack : -1.273
TNS   : -17.411

Type  : Slow 1200mV 0C Model Hold 'clk'
Slack : 0.308
TNS   : 0.000

Type  : Slow 1200mV 0C Model Hold 'unidade_de_controle:Unidade_Controle|FSM:FSM_c|IR_ld'
Slack : 0.674
TNS   : 0.000

Type  : Slow 1200mV 0C Model Recovery 'clk'
Slack : -0.249
TNS   : -2.739

Type  : Slow 1200mV 0C Model Removal 'clk'
Slack : 0.552
TNS   : 0.000

Type  : Slow 1200mV 0C Model Minimum Pulse Width 'clk'
Slack : -3.000
TNS   : -377.696

Type  : Slow 1200mV 0C Model Minimum Pulse Width 'unidade_de_controle:Unidade_Controle|FSM:FSM_c|IR_ld'
Slack : 0.402
TNS   : 0.000

Type  : Slow 1200mV 0C Model Minimum Pulse Width 'unidade_de_controle:Unidade_Controle|FSM:FSM_c|RF_s0~en'
Slack : 0.430
TNS   : 0.000

Type  : Fast 1200mV 0C Model Setup 'unidade_de_controle:Unidade_Controle|FSM:FSM_c|RF_s0~en'
Slack : -2.042
TNS   : -28.812

Type  : Fast 1200mV 0C Model Setup 'clk'
Slack : -1.763
TNS   : -357.003

Type  : Fast 1200mV 0C Model Setup 'unidade_de_controle:Unidade_Controle|FSM:FSM_c|IR_ld'
Slack : -1.096
TNS   : -14.180

Type  : Fast 1200mV 0C Model Hold 'unidade_de_controle:Unidade_Controle|FSM:FSM_c|RF_s0~en'
Slack : -1.006
TNS   : -13.810

Type  : Fast 1200mV 0C Model Hold 'clk'
Slack : 0.102
TNS   : 0.000

Type  : Fast 1200mV 0C Model Hold 'unidade_de_controle:Unidade_Controle|FSM:FSM_c|IR_ld'
Slack : 0.383
TNS   : 0.000

Type  : Fast 1200mV 0C Model Recovery 'clk'
Slack : 0.209
TNS   : 0.000

Type  : Fast 1200mV 0C Model Removal 'clk'
Slack : 0.342
TNS   : 0.000

Type  : Fast 1200mV 0C Model Minimum Pulse Width 'clk'
Slack : -3.000
TNS   : -400.576

Type  : Fast 1200mV 0C Model Minimum Pulse Width 'unidade_de_controle:Unidade_Controle|FSM:FSM_c|IR_ld'
Slack : 0.338
TNS   : 0.000

Type  : Fast 1200mV 0C Model Minimum Pulse Width 'unidade_de_controle:Unidade_Controle|FSM:FSM_c|RF_s0~en'
Slack : 0.352
TNS   : 0.000

------------------------------------------------------------
