------------------------------------------------------------
TimeQuest Timing Analyzer Summary
------------------------------------------------------------

Type  : Slow 1200mV 85C Model Setup 'clk_uc'
Slack : -3.549
TNS   : -95.351

Type  : Slow 1200mV 85C Model Hold 'clk_uc'
Slack : 0.359
TNS   : 0.000

Type  : Slow 1200mV 85C Model Recovery 'clk_uc'
Slack : -0.375
TNS   : -6.000

Type  : Slow 1200mV 85C Model Removal 'clk_uc'
Slack : 0.981
TNS   : 0.000

Type  : Slow 1200mV 85C Model Minimum Pulse Width 'clk_uc'
Slack : -3.000
TNS   : -74.000

Type  : Slow 1200mV 0C Model Setup 'clk_uc'
Slack : -3.056
TNS   : -80.005

Type  : Slow 1200mV 0C Model Hold 'clk_uc'
Slack : 0.313
TNS   : 0.000

Type  : Slow 1200mV 0C Model Recovery 'clk_uc'
Slack : -0.233
TNS   : -3.728

Type  : Slow 1200mV 0C Model Removal 'clk_uc'
Slack : 0.889
TNS   : 0.000

Type  : Slow 1200mV 0C Model Minimum Pulse Width 'clk_uc'
Slack : -3.000
TNS   : -74.000

Type  : Fast 1200mV 0C Model Setup 'clk_uc'
Slack : -1.592
TNS   : -32.464

Type  : Fast 1200mV 0C Model Hold 'clk_uc'
Slack : 0.188
TNS   : 0.000

Type  : Fast 1200mV 0C Model Recovery 'clk_uc'
Slack : 0.217
TNS   : 0.000

Type  : Fast 1200mV 0C Model Removal 'clk_uc'
Slack : 0.541
TNS   : 0.000

Type  : Fast 1200mV 0C Model Minimum Pulse Width 'clk_uc'
Slack : -3.000
TNS   : -78.014

------------------------------------------------------------
